Server returned unexpected status code - 403
